// Jest Snapshot v1, https://goo.gl/fbAQLP

exports[`CurrentTrackArtist renders 1`] = `<p class="signal-green">lol</p>`;
