// Jest Snapshot v1, https://goo.gl/fbAQLP

exports[`DefaultError renders 1`] = `
<p class="ErrorMsg">Something went wrong! Please try refreshing the page, otherwise contact
  support.</p>
`;
