// Jest Snapshot v1, https://goo.gl/fbAQLP

exports[`NoTracksEditor renders 1`] = `<p class="ErrorMsg">No tracks loaded, click here to open the settings in the sidebar.</p>`;
