// Jest Snapshot v1, https://goo.gl/fbAQLP

exports[`CurrentTimeLeft renders 1`] = `<span class="yas-marina-blue" data-cy="time-left">80</span>`;
