// Jest Snapshot v1, https://goo.gl/fbAQLP

exports[`CurrentTimeElapsed renders 1`] = `<span class="alpine-white" data-cy="time-elapsed">80</span>`;
