// Jest Snapshot v1, https://goo.gl/fbAQLP

exports[`SimpleToolbar renders 1`] = `<button class="btn ">hi</button>`;
