// Jest Snapshot v1, https://goo.gl/fbAQLP

exports[`CurrentTrackTitle renders 1`] = `<p class="purple-silk" data-melody-title>rofl</p>`;
