// Jest Snapshot v1, https://goo.gl/fbAQLP

exports[`Dock renders just the toggle button if showDock is false 1`] = `
<div class="dock speed-yellow">
  <button class="btn dock__toggle san-marino-blue" role="button">
    <svg class="dock__toggleIcon" xmlns="http://www.w3.org/2000/svg" viewBox="0 0 24 24">
      <path d="M19.43 12.98c.04-.32.07-.64.07-.98s-.03-.66-.07-.98l2.11-1.65c.19-.15.24-.42.12-.64l-2-3.46c-.12-.22-.39-.3-.61-.22l-2.49 1c-.52-.4-1.08-.73-1.69-.98l-.38-2.65C14.46 2.18 14.25 2 14 2h-4c-.25 0-.46.18-.49.42l-.38 2.65c-.61.25-1.17.59-1.69.98l-2.49-1c-.23-.09-.49 0-.61.22l-2 3.46c-.13.22-.07.49.12.64l2.11 1.65c-.04.32-.07.65-.07.98s.03.66.07.98l-2.11 1.65c-.19.15-.24.42-.12.64l2 3.46c.12.22.39.3.61.22l2.49-1c.52.4 1.08.73 1.69.98l.38 2.65c.03.24.24.42.49.42h4c.25 0 .46-.18.49-.42l.38-2.65c.61-.25 1.17-.59 1.69-.98l2.49 1c.23.09.49 0 .61-.22l2-3.46c.12-.22.07-.49-.12-.64l-2.11-1.65zM12 15.5c-1.93 0-3.5-1.57-3.5-3.5s1.57-3.5 3.5-3.5 3.5 1.57 3.5 3.5-1.57 3.5-3.5 3.5z"></path>
    </svg>
  </button>
</div>
`;

exports[`Dock renders the download button if the current track is downloadable 1`] = `
<div class="dock speed-yellow">
  <button class="btn dock__toggle san-marino-blue" role="button">
    <svg class="dock__toggleIcon" xmlns="http://www.w3.org/2000/svg" viewBox="0 0 24 24">
      <path d="M19.43 12.98c.04-.32.07-.64.07-.98s-.03-.66-.07-.98l2.11-1.65c.19-.15.24-.42.12-.64l-2-3.46c-.12-.22-.39-.3-.61-.22l-2.49 1c-.52-.4-1.08-.73-1.69-.98l-.38-2.65C14.46 2.18 14.25 2 14 2h-4c-.25 0-.46.18-.49.42l-.38 2.65c-.61.25-1.17.59-1.69.98l-2.49-1c-.23-.09-.49 0-.61.22l-2 3.46c-.13.22-.07.49.12.64l2.11 1.65c-.04.32-.07.65-.07.98s.03.66.07.98l-2.11 1.65c-.19.15-.24.42-.12.64l2 3.46c.12.22.39.3.61.22l2.49-1c.52.4 1.08.73 1.69.98l.38 2.65c.03.24.24.42.49.42h4c.25 0 .46-.18.49-.42l.38-2.65c.61-.25 1.17-.59 1.69-.98l2.49 1c.23.09.49 0 .61-.22l2-3.46c.12-.22.07-.49-.12-.64l-2.11-1.65zM12 15.5c-1.93 0-3.5-1.57-3.5-3.5s1.57-3.5 3.5-3.5 3.5 1.57 3.5 3.5-1.57 3.5-3.5 3.5z"></path>
    </svg>
  </button>
  <span class="dock__arrow"></span>
  <div class="dock__controlsGroup">
    <button class="btn dock__control" role="button">
      <svg class="dock__controlIcon" xmlns="http://www.w3.org/2000/svg" viewBox="0 0 24 24">
        <path d="M19 9h-4V3H9v6H5l7 7 7-7zM5 18v2h14v-2H5z"></path>
      </svg>
      <span class="dock__controlName">Download</span>
    </button>
    <button class="btn dock__control" role="button">
      <svg class="dock__controlIcon" xmlns="http://www.w3.org/2000/svg" viewBox="0 0 24 24">
        <path d="M19 13h-6v6h-2v-6H5v-2h6V5h2v6h6v2z"></path>
      </svg>
      <span class="dock__controlName">Speed up</span>
    </button>
    <button class="btn dock__control" role="button">
      <svg class="dock__controlIcon" xmlns="http://www.w3.org/2000/svg" viewBox="0 0 24 24">
        <path d="M19 13H5v-2h14v2z"></path>
      </svg>
      <span class="dock__controlName">Slow down</span>
    </button>
  </div>
</div>
`;

exports[`Dock renders the full dock if showDock is true 1`] = `
<div class="dock speed-yellow">
  <button class="btn dock__toggle san-marino-blue" role="button">
    <svg class="dock__toggleIcon" xmlns="http://www.w3.org/2000/svg" viewBox="0 0 24 24">
      <path d="M19.43 12.98c.04-.32.07-.64.07-.98s-.03-.66-.07-.98l2.11-1.65c.19-.15.24-.42.12-.64l-2-3.46c-.12-.22-.39-.3-.61-.22l-2.49 1c-.52-.4-1.08-.73-1.69-.98l-.38-2.65C14.46 2.18 14.25 2 14 2h-4c-.25 0-.46.18-.49.42l-.38 2.65c-.61.25-1.17.59-1.69.98l-2.49-1c-.23-.09-.49 0-.61.22l-2 3.46c-.13.22-.07.49.12.64l2.11 1.65c-.04.32-.07.65-.07.98s.03.66.07.98l-2.11 1.65c-.19.15-.24.42-.12.64l2 3.46c.12.22.39.3.61.22l2.49-1c.52.4 1.08.73 1.69.98l.38 2.65c.03.24.24.42.49.42h4c.25 0 .46-.18.49-.42l.38-2.65c.61-.25 1.17-.59 1.69-.98l2.49 1c.23.09.49 0 .61-.22l2-3.46c.12-.22.07-.49-.12-.64l-2.11-1.65zM12 15.5c-1.93 0-3.5-1.57-3.5-3.5s1.57-3.5 3.5-3.5 3.5 1.57 3.5 3.5-1.57 3.5-3.5 3.5z"></path>
    </svg>
  </button>
  <span class="dock__arrow"></span>
  <div class="dock__controlsGroup">
    <button class="btn dock__control" role="button">
      <svg class="dock__controlIcon" xmlns="http://www.w3.org/2000/svg" viewBox="0 0 24 24">
        <path d="M19 13h-6v6h-2v-6H5v-2h6V5h2v6h6v2z"></path>
      </svg>
      <span class="dock__controlName">Speed up</span>
    </button>
    <button class="btn dock__control" role="button">
      <svg class="dock__controlIcon" xmlns="http://www.w3.org/2000/svg" viewBox="0 0 24 24">
        <path d="M19 13H5v-2h14v2z"></path>
      </svg>
      <span class="dock__controlName">Slow down</span>
    </button>
  </div>
</div>
`;
