// Jest Snapshot v1, https://goo.gl/fbAQLP

exports[`ScrollingMarquee renders 1`] = `
<div class="scrollingMarquee__wrap ">
  <div class="scrollingMarquee__content">
    <div>
      <p>track</p>
      <span>-</span>
      <p>artist</p>
    </div>
  </div>
</div>
`;
